\BOOKMARK [0][-]{chapter.1}{\376\377\000I\000n\000t\000r\000o\000d\000u\000c\000t\000i\000o\000n}{}% 1
\BOOKMARK [1][-]{section.1.1}{\376\377\000M\000o\000t\000i\000v\000a\000t\000i\000o\000n}{chapter.1}% 2
\BOOKMARK [1][-]{section.1.2}{\376\377\000P\000r\000o\000b\000l\000e\000m\000\040\000S\000t\000a\000t\000e\000m\000e\000n\000t}{chapter.1}% 3
\BOOKMARK [1][-]{section.1.3}{\376\377\000O\000b\000j\000e\000c\000t\000i\000v\000e\000s}{chapter.1}% 4
\BOOKMARK [1][-]{section.1.4}{\376\377\000R\000e\000p\000o\000r\000t\000\040\000S\000t\000r\000u\000c\000t\000u\000r\000e}{chapter.1}% 5
\BOOKMARK [0][-]{chapter.2}{\376\377\000S\000y\000s\000t\000e\000m\000\040\000A\000r\000c\000h\000i\000t\000e\000c\000t\000u\000r\000e}{}% 6
\BOOKMARK [1][-]{section.2.1}{\376\377\000H\000i\000g\000h\000-\000L\000e\000v\000e\000l\000\040\000D\000e\000s\000i\000g\000n}{chapter.2}% 7
\BOOKMARK [1][-]{section.2.2}{\376\377\000S\000h\000a\000r\000e\000d\000\040\000S\000t\000a\000t\000e}{chapter.2}% 8
\BOOKMARK [1][-]{section.2.3}{\376\377\000S\000e\000s\000s\000i\000o\000n\000\040\000P\000e\000r\000s\000i\000s\000t\000e\000n\000c\000e}{chapter.2}% 9
\BOOKMARK [0][-]{chapter.3}{\376\377\000T\000e\000c\000h\000n\000o\000l\000o\000g\000y\000\040\000S\000t\000a\000c\000k}{}% 10
\BOOKMARK [0][-]{chapter.4}{\376\377\000O\000r\000c\000h\000e\000s\000t\000r\000a\000t\000o\000r\000\040\040\024\000\040\000I\000n\000t\000e\000n\000t\000\040\000C\000l\000a\000s\000s\000i\000f\000i\000e\000r}{}% 11
\BOOKMARK [1][-]{section.4.1}{\376\377\000R\000e\000s\000p\000o\000n\000s\000i\000b\000i\000l\000i\000t\000y}{chapter.4}% 12
\BOOKMARK [1][-]{section.4.2}{\376\377\000G\000r\000a\000p\000h\000\040\000S\000t\000r\000u\000c\000t\000u\000r\000e}{chapter.4}% 13
\BOOKMARK [1][-]{section.4.3}{\376\377\000N\000o\000d\000e\000s}{chapter.4}% 14
\BOOKMARK [1][-]{section.4.4}{\376\377\000R\000o\000u\000t\000i\000n\000g\000\040\000L\000o\000g\000i\000c}{chapter.4}% 15
\BOOKMARK [0][-]{chapter.5}{\376\377\000M\000e\000n\000u\000\040\000A\000g\000e\000n\000t}{}% 16
\BOOKMARK [1][-]{section.5.1}{\376\377\000R\000e\000s\000p\000o\000n\000s\000i\000b\000i\000l\000i\000t\000y}{chapter.5}% 17
\BOOKMARK [1][-]{section.5.2}{\376\377\000G\000r\000a\000p\000h\000\040\000S\000t\000r\000u\000c\000t\000u\000r\000e}{chapter.5}% 18
\BOOKMARK [1][-]{section.5.3}{\376\377\000N\000o\000d\000e\000s}{chapter.5}% 19
\BOOKMARK [1][-]{section.5.4}{\376\377\000M\000e\000n\000u\000\040\000T\000o\000o\000l\000s}{chapter.5}% 20
\BOOKMARK [1][-]{section.5.5}{\376\377\000R\000e\000f\000l\000e\000c\000t\000i\000o\000n\000\040\000L\000o\000o\000p}{chapter.5}% 21
\BOOKMARK [0][-]{chapter.6}{\376\377\000F\000A\000Q\000\040\000A\000g\000e\000n\000t}{}% 22
\BOOKMARK [1][-]{section.6.1}{\376\377\000R\000e\000s\000p\000o\000n\000s\000i\000b\000i\000l\000i\000t\000y}{chapter.6}% 23
\BOOKMARK [1][-]{section.6.2}{\376\377\000G\000r\000a\000p\000h\000\040\000S\000t\000r\000u\000c\000t\000u\000r\000e}{chapter.6}% 24
\BOOKMARK [1][-]{section.6.3}{\376\377\000N\000o\000d\000e\000s}{chapter.6}% 25
\BOOKMARK [1][-]{section.6.4}{\376\377\000R\000e\000t\000r\000i\000e\000v\000a\000l\000\040\000S\000t\000r\000a\000t\000e\000g\000y}{chapter.6}% 26
\BOOKMARK [0][-]{chapter.7}{\376\377\000O\000r\000d\000e\000r\000\040\000A\000g\000e\000n\000t}{}% 27
\BOOKMARK [1][-]{section.7.1}{\376\377\000R\000e\000s\000p\000o\000n\000s\000i\000b\000i\000l\000i\000t\000y}{chapter.7}% 28
\BOOKMARK [1][-]{section.7.2}{\376\377\000G\000r\000a\000p\000h\000\040\000S\000t\000r\000u\000c\000t\000u\000r\000e}{chapter.7}% 29
\BOOKMARK [1][-]{section.7.3}{\376\377\000N\000o\000d\000e\000s}{chapter.7}% 30
\BOOKMARK [1][-]{section.7.4}{\376\377\000C\000o\000n\000t\000e\000x\000t\000-\000A\000w\000a\000r\000e\000\040\000R\000o\000u\000t\000i\000n\000g}{chapter.7}% 31
\BOOKMARK [1][-]{section.7.5}{\376\377\000M\000u\000l\000t\000i\000-\000T\000u\000r\000n\000\040\000M\000o\000d\000i\000f\000i\000c\000a\000t\000i\000o\000n\000\040\000F\000l\000o\000w}{chapter.7}% 32
\BOOKMARK [0][-]{chapter.8}{\376\377\000S\000u\000p\000p\000o\000r\000t\000\040\000A\000g\000e\000n\000t}{}% 33
\BOOKMARK [1][-]{section.8.1}{\376\377\000R\000e\000s\000p\000o\000n\000s\000i\000b\000i\000l\000i\000t\000y}{chapter.8}% 34
\BOOKMARK [1][-]{section.8.2}{\376\377\000G\000r\000a\000p\000h\000\040\000S\000t\000r\000u\000c\000t\000u\000r\000e}{chapter.8}% 35
\BOOKMARK [1][-]{section.8.3}{\376\377\000N\000o\000d\000e\000s}{chapter.8}% 36
\BOOKMARK [1][-]{section.8.4}{\376\377\000R\000e\000s\000p\000o\000n\000s\000e\000\040\000T\000o\000n\000e}{chapter.8}% 37
\BOOKMARK [0][-]{chapter.9}{\376\377\000B\000a\000c\000k\000e\000n\000d\000\040\000A\000P\000I}{}% 38
\BOOKMARK [1][-]{section.9.1}{\376\377\000F\000a\000s\000t\000A\000P\000I\000\040\000A\000r\000c\000h\000i\000t\000e\000c\000t\000u\000r\000e}{chapter.9}% 39
\BOOKMARK [1][-]{section.9.2}{\376\377\000C\000h\000a\000t\000\040\000E\000n\000d\000p\000o\000i\000n\000t\000\040\000F\000l\000o\000w}{chapter.9}% 40
\BOOKMARK [1][-]{section.9.3}{\376\377\000D\000a\000t\000a\000b\000a\000s\000e\000\040\000L\000a\000y\000e\000r}{chapter.9}% 41
\BOOKMARK [0][-]{chapter.10}{\376\377\000E\000v\000a\000l\000u\000a\000t\000i\000o\000n}{}% 42
\BOOKMARK [1][-]{section.10.1}{\376\377\000M\000e\000t\000h\000o\000d\000o\000l\000o\000g\000y\000\040\040\024\000\040\000L\000L\000M\000-\000a\000s\000-\000a\000-\000J\000u\000d\000g\000e}{chapter.10}% 43
\BOOKMARK [1][-]{section.10.2}{\376\377\000T\000e\000s\000t\000\040\000S\000u\000i\000t\000e}{chapter.10}% 44
\BOOKMARK [1][-]{section.10.3}{\376\377\000R\000e\000s\000u\000l\000t\000s}{chapter.10}% 45
\BOOKMARK [2][-]{subsection.10.3.1}{\376\377\000P\000e\000r\000-\000A\000g\000e\000n\000t\000\040\000S\000c\000o\000r\000e\000s\000\040\000b\000y\000\040\000D\000i\000m\000e\000n\000s\000i\000o\000n}{section.10.3}% 46
\BOOKMARK [2][-]{subsection.10.3.2}{\376\377\000P\000a\000s\000s\000\040\000R\000a\000t\000e\000\040\000a\000n\000d\000\040\000O\000v\000e\000r\000a\000l\000l\000\040\000A\000v\000e\000r\000a\000g\000e}{section.10.3}% 47
\BOOKMARK [2][-]{subsection.10.3.3}{\376\377\000S\000c\000o\000r\000e\000\040\000H\000e\000a\000t\000m\000a\000p}{section.10.3}% 48
\BOOKMARK [2][-]{subsection.10.3.4}{\376\377\000R\000a\000d\000a\000r\000\040\000C\000h\000a\000r\000t\000\040\040\024\000\040\000D\000i\000m\000e\000n\000s\000i\000o\000n\000\040\000P\000r\000o\000f\000i\000l\000e}{section.10.3}% 49
\BOOKMARK [1][-]{section.10.4}{\376\377\000I\000n\000t\000e\000n\000t\000\040\000C\000l\000a\000s\000s\000i\000f\000i\000c\000a\000t\000i\000o\000n\000\040\000A\000c\000c\000u\000r\000a\000c\000y}{chapter.10}% 50
\BOOKMARK [0][-]{chapter.11}{\376\377\000C\000o\000n\000c\000l\000u\000s\000i\000o\000n}{}% 51
\BOOKMARK [1][-]{section.11.1}{\376\377\000S\000u\000m\000m\000a\000r\000y}{chapter.11}% 52
\BOOKMARK [1][-]{section.11.2}{\376\377\000L\000i\000m\000i\000t\000a\000t\000i\000o\000n\000s}{chapter.11}% 53
\BOOKMARK [1][-]{section.11.3}{\376\377\000F\000u\000t\000u\000r\000e\000\040\000W\000o\000r\000k}{chapter.11}% 54
\BOOKMARK [0][-]{appendix.A}{\376\377\000P\000r\000o\000j\000e\000c\000t\000\040\000S\000t\000r\000u\000c\000t\000u\000r\000e}{}% 55
